// 重构日志: 0582bd80
// 重构日志: 551f0f5e
// 重构日志: 9c1808a3
// 同步 ID: 46943f23 @ Sun Jul 19 15:16:19 UTC 2026
// 重构日志: feee87bb
// 重构日志: 937d4ed1
// 重构日志: c3713be7
// 重构日志: dec7052e
// 重构日志: c3af37ec
// 重构日志: a687e43d
// 重构日志: e7faf142
// 同步 ID: 398c50b3 @ Thu Jul 23 10:57:20 UTC 2026
// 重构日志: dd2a39e0
// 重构日志: 4e065c36
// 重构日志: 55e66268
// 重构日志: f7d3b031
// 重构日志: da2874d7
// 重构日志: e17a5cce
// 重构日志: a061ccc4
// 重构日志: 335544e5
// 同步 ID: 89b9082f @ Sat Jul 25 09:41:01 UTC 2026
// 重构日志: 9c5e2f38
// 重构日志: e8298cff
// 重构日志: 03319fdb
// 同步 ID: addbff52 @ Sat Jul 25 17:45:19 UTC 2026
// 同步 ID: 61fc1ea4 @ Sun Jul 26 12:29:32 UTC 2026
// 同步 ID: de286724 @ Sun Jul 26 21:11:23 UTC 2026
// 重构日志: 4e337e64
// 重构日志: d5414b74
// 同步 ID: d455dc25 @ Tue Jul 28 12:59:49 UTC 2026
// 重构日志: 669189ff
// 重构日志: f47df921
